2026-04-11 09:21:52,290 [WARNING] SzyouthMonitor - 未配置企业微信Webhook Key，将仅在控制台输出结果
2026-04-11 09:21:52,291 [WARNING] SzyouthMonitor - 可通过 -w 参数或 WEIXIN_WEBHOOK_KEY 环境变量设置
2026-04-11 09:21:52,291 [INFO] SzyouthMonitor - ============================================================
2026-04-11 09:21:52,292 [INFO] SzyouthMonitor - 青年驿站自动化监控启动
2026-04-11 09:21:52,292 [INFO] SzyouthMonitor - 参数: 间隔=30分钟 连续天数=3 站点ID=85 查询范围=10天 性别=all
2026-04-11 09:21:52,293 [INFO] SzyouthMonitor - Webhook: 未配置(仅控制台输出)
2026-04-11 09:21:52,294 [INFO] SzyouthMonitor - ============================================================
2026-04-11 09:21:52,295 [INFO] SzyouthMonitor - ==================================================
2026-04-11 09:21:52,295 [INFO] SzyouthMonitor - 开始第 1 轮检查 - 2026-04-11 09:21:52
2026-04-11 09:22:01,495 [INFO] SzyouthMonitor - 监控站点: 青年驿站（龙岗龙城CC公寓站）
2026-04-11 09:22:01,495 [INFO] SzyouthMonitor - 查询范围: 2026-04-12 起 10 天 | 连续天数阈值: 3 | 性别: all
2026-04-11 09:22:09,809 [DEBUG] SzyouthMonitor -   2026-04-12: 男=16 女=14 总=30
2026-04-11 09:22:18,346 [DEBUG] SzyouthMonitor -   2026-04-13: 男=14 女=11 总=25
2026-04-11 09:22:27,913 [DEBUG] SzyouthMonitor -   2026-04-14: 男=11 女=12 总=23
2026-04-11 09:22:36,406 [DEBUG] SzyouthMonitor -   2026-04-15: 男=9 女=12 总=21
2026-04-11 09:22:45,047 [DEBUG] SzyouthMonitor -   2026-04-16: 男=8 女=12 总=20
2026-04-11 09:22:54,747 [DEBUG] SzyouthMonitor -   2026-04-17: 男=11 女=11 总=22
2026-04-11 09:23:03,419 [DEBUG] SzyouthMonitor -   2026-04-18: 男=16 女=11 总=27
2026-04-11 09:23:12,263 [DEBUG] SzyouthMonitor -   2026-04-19: 男=17 女=12 总=29
2026-04-11 09:23:20,928 [DEBUG] SzyouthMonitor -   2026-04-20: 男=18 女=20 总=38
2026-04-11 09:23:30,656 [DEBUG] SzyouthMonitor -   2026-04-21: 男=22 女=24 总=46
2026-04-11 09:23:31,163 [INFO] SzyouthMonitor - 🎉 发现 1 个连续 ≥3 天可预订区间:
2026-04-11 09:23:31,163 [INFO] SzyouthMonitor -   📅 2026-04-12 ~ 2026-04-21 (10天) | 男最少8张 女最少11张
2026-04-11 09:23:31,164 [INFO] SzyouthMonitor -   (未配置Webhook，仅控制台输出)
2026-04-11 09:23:31,164 [INFO] SzyouthMonitor - 摘要: 未来10天中有 10 天有可用床位
2026-04-11 09:23:32,402 [WARNING] SzyouthMonitor - 未配置企业微信Webhook Key，将仅在控制台输出结果
2026-04-11 09:23:32,406 [WARNING] SzyouthMonitor - 可通过 -w 参数或 WEIXIN_WEBHOOK_KEY 环境变量设置
2026-04-11 09:23:32,408 [INFO] SzyouthMonitor - ============================================================
2026-04-11 09:23:32,408 [INFO] SzyouthMonitor - 青年驿站自动化监控启动
2026-04-11 09:23:32,410 [INFO] SzyouthMonitor - 参数: 间隔=30分钟 连续天数=3 站点ID=85 查询范围=10天 性别=all
2026-04-11 09:23:32,410 [INFO] SzyouthMonitor - Webhook: 未配置(仅控制台输出)
2026-04-11 09:23:32,411 [INFO] SzyouthMonitor - ============================================================
2026-04-11 09:23:32,411 [INFO] SzyouthMonitor - ==================================================
2026-04-11 09:23:32,411 [INFO] SzyouthMonitor - 开始第 1 轮检查 - 2026-04-11 09:23:32
2026-04-11 09:23:40,536 [INFO] SzyouthMonitor - 监控站点: 青年驿站（龙岗龙城CC公寓站）
2026-04-11 09:23:40,550 [INFO] SzyouthMonitor - 查询范围: 2026-04-12 起 10 天 | 连续天数阈值: 3 | 性别: all
2026-04-11 09:23:48,315 [INFO] SzyouthMonitor - 收到退出信号，正在安全退出...
2026-04-11 09:23:48,625 [DEBUG] SzyouthMonitor -   2026-04-12: 男=16 女=14 总=30
2026-04-11 09:23:57,694 [DEBUG] SzyouthMonitor -   2026-04-13: 男=14 女=11 总=25
2026-04-11 09:24:07,624 [DEBUG] SzyouthMonitor -   2026-04-14: 男=11 女=12 总=23
2026-04-11 09:24:16,247 [DEBUG] SzyouthMonitor -   2026-04-15: 男=9 女=12 总=21
2026-04-11 09:24:26,800 [DEBUG] SzyouthMonitor -   2026-04-16: 男=8 女=12 总=20
2026-04-11 09:24:35,941 [DEBUG] SzyouthMonitor -   2026-04-17: 男=11 女=11 总=22
2026-04-11 09:24:45,814 [DEBUG] SzyouthMonitor -   2026-04-18: 男=16 女=11 总=27
2026-04-11 09:24:55,204 [DEBUG] SzyouthMonitor -   2026-04-19: 男=17 女=12 总=29
2026-04-11 09:25:05,185 [DEBUG] SzyouthMonitor -   2026-04-20: 男=18 女=20 总=38
2026-04-11 09:25:14,491 [DEBUG] SzyouthMonitor -   2026-04-21: 男=22 女=24 总=46
2026-04-11 09:25:14,996 [INFO] SzyouthMonitor - 🎉 发现 1 个连续 ≥3 天可预订区间:
2026-04-11 09:25:14,997 [INFO] SzyouthMonitor -   📅 2026-04-12 ~ 2026-04-21 (10天) | 男最少8张 女最少11张
2026-04-11 09:25:14,998 [INFO] SzyouthMonitor -   (未配置Webhook，仅控制台输出)
2026-04-11 09:25:14,998 [INFO] SzyouthMonitor - 摘要: 未来10天中有 10 天有可用床位
2026-04-11 09:25:16,172 [WARNING] SzyouthMonitor - 未配置企业微信Webhook Key，将仅在控制台输出结果
2026-04-11 09:25:16,174 [WARNING] SzyouthMonitor - 可通过 -w 参数或 WEIXIN_WEBHOOK_KEY 环境变量设置
2026-04-11 09:25:16,175 [INFO] SzyouthMonitor - ============================================================
2026-04-11 09:25:16,182 [INFO] SzyouthMonitor - 青年驿站自动化监控启动
2026-04-11 09:25:16,183 [INFO] SzyouthMonitor - 参数: 间隔=30分钟 连续天数=3 站点ID=85 查询范围=10天 性别=all
2026-04-11 09:25:16,184 [INFO] SzyouthMonitor - Webhook: 未配置(仅控制台输出)
2026-04-11 09:25:16,189 [INFO] SzyouthMonitor - ============================================================
2026-04-11 09:25:16,196 [INFO] SzyouthMonitor - ==================================================
2026-04-11 09:25:16,198 [INFO] SzyouthMonitor - 开始第 1 轮检查 - 2026-04-11 09:25:16
2026-04-11 09:25:27,207 [INFO] SzyouthMonitor - 监控站点: 青年驿站（龙岗龙城CC公寓站）
2026-04-11 09:25:27,246 [INFO] SzyouthMonitor - 查询范围: 2026-04-12 起 10 天 | 连续天数阈值: 3 | 性别: all
2026-04-11 09:25:36,724 [DEBUG] SzyouthMonitor -   2026-04-12: 男=16 女=14 总=30
2026-04-11 09:25:45,295 [DEBUG] SzyouthMonitor -   2026-04-13: 男=14 女=11 总=25
2026-04-11 09:25:53,638 [DEBUG] SzyouthMonitor -   2026-04-14: 男=11 女=12 总=23
2026-04-11 09:26:06,260 [DEBUG] SzyouthMonitor -   2026-04-15: 男=9 女=12 总=21
2026-04-11 09:26:14,488 [DEBUG] SzyouthMonitor -   2026-04-16: 男=8 女=12 总=20
2026-04-11 09:26:23,175 [DEBUG] SzyouthMonitor -   2026-04-17: 男=11 女=11 总=22
2026-04-11 09:26:32,290 [DEBUG] SzyouthMonitor -   2026-04-18: 男=16 女=11 总=27
2026-04-11 09:26:41,160 [DEBUG] SzyouthMonitor -   2026-04-19: 男=17 女=12 总=29
2026-04-11 09:26:49,242 [DEBUG] SzyouthMonitor -   2026-04-20: 男=18 女=20 总=38
2026-04-11 09:26:57,312 [DEBUG] SzyouthMonitor -   2026-04-21: 男=22 女=24 总=46
2026-04-11 09:26:57,818 [INFO] SzyouthMonitor - 🎉 发现 1 个连续 ≥3 天可预订区间:
2026-04-11 09:26:57,818 [INFO] SzyouthMonitor -   📅 2026-04-12 ~ 2026-04-21 (10天) | 男最少8张 女最少11张
2026-04-11 09:26:57,819 [INFO] SzyouthMonitor -   (未配置Webhook，仅控制台输出)
2026-04-11 09:26:57,819 [INFO] SzyouthMonitor - 摘要: 未来10天中有 10 天有可用床位
2026-04-11 09:26:58,952 [WARNING] SzyouthMonitor - 未配置企业微信Webhook Key，将仅在控制台输出结果
2026-04-11 09:26:58,954 [WARNING] SzyouthMonitor - 可通过 -w 参数或 WEIXIN_WEBHOOK_KEY 环境变量设置
2026-04-11 09:26:58,954 [INFO] SzyouthMonitor - ============================================================
2026-04-11 09:26:58,955 [INFO] SzyouthMonitor - 青年驿站自动化监控启动
2026-04-11 09:26:58,955 [INFO] SzyouthMonitor - 参数: 间隔=30分钟 连续天数=3 站点ID=85 查询范围=5天 性别=all
2026-04-11 09:26:58,955 [INFO] SzyouthMonitor - Webhook: 未配置(仅控制台输出)
2026-04-11 09:26:58,955 [INFO] SzyouthMonitor - ============================================================
2026-04-11 09:26:58,955 [INFO] SzyouthMonitor - ==================================================
2026-04-11 09:26:58,956 [INFO] SzyouthMonitor - 开始第 1 轮检查 - 2026-04-11 09:26:58
2026-04-11 09:27:07,650 [INFO] SzyouthMonitor - 监控站点: 青年驿站（龙岗龙城CC公寓站）
2026-04-11 09:27:07,650 [INFO] SzyouthMonitor - 查询范围: 2026-04-12 起 5 天 | 连续天数阈值: 3 | 性别: all
2026-04-11 09:27:15,006 [DEBUG] SzyouthMonitor -   2026-04-12: 男=16 女=14 总=30
2026-04-11 09:27:23,353 [DEBUG] SzyouthMonitor -   2026-04-13: 男=14 女=11 总=25
2026-04-11 09:27:34,025 [DEBUG] SzyouthMonitor -   2026-04-14: 男=11 女=12 总=23
2026-04-11 09:27:43,143 [DEBUG] SzyouthMonitor -   2026-04-15: 男=9 女=12 总=21
2026-04-11 09:27:51,313 [DEBUG] SzyouthMonitor -   2026-04-16: 男=8 女=12 总=20
2026-04-11 09:27:51,818 [INFO] SzyouthMonitor - 🎉 发现 1 个连续 ≥3 天可预订区间:
2026-04-11 09:27:51,833 [INFO] SzyouthMonitor -   📅 2026-04-12 ~ 2026-04-16 (5天) | 男最少8张 女最少11张
2026-04-11 09:27:51,839 [INFO] SzyouthMonitor -   (未配置Webhook，仅控制台输出)
2026-04-11 09:27:51,839 [INFO] SzyouthMonitor - 摘要: 未来5天中有 5 天有可用床位
2026-04-11 09:27:52,727 [WARNING] SzyouthMonitor - 未配置企业微信Webhook Key，将仅在控制台输出结果
2026-04-11 09:27:52,728 [WARNING] SzyouthMonitor - 可通过 -w 参数或 WEIXIN_WEBHOOK_KEY 环境变量设置
2026-04-11 09:27:52,728 [INFO] SzyouthMonitor - ============================================================
2026-04-11 09:27:52,728 [INFO] SzyouthMonitor - 青年驿站自动化监控启动
2026-04-11 09:27:52,728 [INFO] SzyouthMonitor - 参数: 间隔=30分钟 连续天数=3 站点ID=85 查询范围=5天 性别=all
2026-04-11 09:27:52,729 [INFO] SzyouthMonitor - Webhook: 未配置(仅控制台输出)
2026-04-11 09:27:52,729 [INFO] SzyouthMonitor - ============================================================
2026-04-11 09:27:52,729 [INFO] SzyouthMonitor - ==================================================
2026-04-11 09:27:52,729 [INFO] SzyouthMonitor - 开始第 1 轮检查 - 2026-04-11 09:27:52
2026-04-11 09:27:59,986 [INFO] SzyouthMonitor - 监控站点: 青年驿站（龙岗龙城CC公寓站）
2026-04-11 09:27:59,986 [INFO] SzyouthMonitor - 查询范围: 2026-04-12 起 5 天 | 连续天数阈值: 3 | 性别: all
2026-04-11 09:28:08,444 [DEBUG] SzyouthMonitor -   2026-04-12: 男=16 女=14 总=30
2026-04-11 09:28:18,570 [DEBUG] SzyouthMonitor -   2026-04-13: 男=14 女=11 总=25
2026-04-11 09:28:28,177 [DEBUG] SzyouthMonitor -   2026-04-14: 男=11 女=12 总=23
2026-04-11 09:28:38,452 [DEBUG] SzyouthMonitor -   2026-04-15: 男=9 女=12 总=21
2026-04-11 09:28:47,605 [DEBUG] SzyouthMonitor -   2026-04-16: 男=8 女=12 总=20
2026-04-11 09:28:48,112 [INFO] SzyouthMonitor - 🎉 发现 1 个连续 ≥3 天可预订区间:
2026-04-11 09:28:48,122 [INFO] SzyouthMonitor -   📅 2026-04-12 ~ 2026-04-16 (5天) | 男最少8张 女最少11张
2026-04-11 09:28:48,125 [INFO] SzyouthMonitor -   (未配置Webhook，仅控制台输出)
2026-04-11 09:28:48,125 [INFO] SzyouthMonitor - 摘要: 未来5天中有 5 天有可用床位
2026-04-11 09:35:56,475 [INFO] SzyouthMonitor - ============================================================
2026-04-11 09:35:56,490 [INFO] SzyouthMonitor - 青年驿站自动化监控启动
2026-04-11 09:35:56,494 [INFO] SzyouthMonitor - 参数: 间隔=15分钟 连续天数=5 站点ID=75 查询范围=30天 性别=male
2026-04-11 09:35:56,505 [INFO] SzyouthMonitor - Webhook: 已配置
2026-04-11 09:35:56,506 [INFO] SzyouthMonitor - ============================================================
2026-04-11 09:35:56,523 [INFO] SzyouthMonitor - ==================================================
2026-04-11 09:35:56,538 [INFO] SzyouthMonitor - 开始第 1 轮检查 - 2026-04-11 09:35:56
2026-04-11 09:36:09,022 [INFO] SzyouthMonitor - 监控站点: 粤港澳大湾区（宝安）青年驿站
2026-04-11 09:36:09,023 [INFO] SzyouthMonitor - 查询范围: 2026-04-12 起 30 天 | 连续天数阈值: 5 | 性别: male
2026-04-11 09:36:18,605 [DEBUG] SzyouthMonitor -   2026-04-12: 男=2 女=7 总=9
2026-04-11 09:36:28,363 [DEBUG] SzyouthMonitor -   2026-04-13: 男=5 女=6 总=11
2026-04-11 09:36:38,438 [DEBUG] SzyouthMonitor -   2026-04-14: 男=4 女=6 总=10
2026-04-11 09:36:49,737 [DEBUG] SzyouthMonitor -   2026-04-15: 男=3 女=6 总=9
2026-04-11 09:36:58,878 [DEBUG] SzyouthMonitor -   2026-04-16: 男=4 女=4 总=8
2026-04-11 09:37:08,467 [DEBUG] SzyouthMonitor -   2026-04-17: 男=4 女=4 总=8
2026-04-11 09:37:18,691 [DEBUG] SzyouthMonitor -   2026-04-18: 男=7 女=2 总=9
2026-04-11 09:37:27,113 [DEBUG] SzyouthMonitor -   2026-04-19: 男=5 女=3 总=8
2026-04-11 09:37:34,676 [DEBUG] SzyouthMonitor -   2026-04-20: 男=7 女=3 总=10
2026-04-11 09:37:42,256 [DEBUG] SzyouthMonitor -   2026-04-21: 男=5 女=2 总=7
2026-04-11 09:37:50,275 [DEBUG] SzyouthMonitor -   2026-04-22: 男=5 女=4 总=9
2026-04-11 09:38:01,729 [DEBUG] SzyouthMonitor -   2026-04-23: 男=7 女=4 总=11
2026-04-11 09:38:10,050 [DEBUG] SzyouthMonitor -   2026-04-24: 男=7 女=4 总=11
2026-04-11 09:38:18,697 [DEBUG] SzyouthMonitor -   2026-04-25: 男=5 女=5 总=10
2026-04-11 09:38:27,846 [DEBUG] SzyouthMonitor -   2026-04-26: 男=4 女=4 总=8
2026-04-11 09:38:37,612 [DEBUG] SzyouthMonitor -   2026-04-27: 男=5 女=4 总=9
2026-04-11 09:38:45,313 [INFO] SzyouthMonitor - 收到退出信号，正在安全退出...
2026-04-11 09:38:45,832 [DEBUG] SzyouthMonitor -   2026-04-28: 男=4 女=2 总=6
2026-04-11 09:38:55,869 [DEBUG] SzyouthMonitor -   2026-04-29: 男=6 女=2 总=8
2026-04-11 09:39:06,844 [DEBUG] SzyouthMonitor -   2026-04-30: 男=3 女=1 总=4
2026-04-11 09:39:14,850 [DEBUG] SzyouthMonitor -   2026-05-01: 男=6 女=1 总=7
2026-04-11 09:39:23,101 [DEBUG] SzyouthMonitor -   2026-05-02: 男=9 女=1 总=10
2026-04-11 09:39:30,796 [INFO] SzyouthMonitor - 收到退出信号，正在安全退出...
2026-04-11 09:39:31,085 [DEBUG] SzyouthMonitor -   2026-05-03: 男=10 女=3 总=13
2026-04-11 09:39:39,258 [DEBUG] SzyouthMonitor -   2026-05-04: 男=10 女=3 总=13
2026-04-11 09:39:46,925 [DEBUG] SzyouthMonitor -   2026-05-05: 男=15 女=6 总=21
2026-04-11 09:39:54,636 [DEBUG] SzyouthMonitor -   2026-05-06: 男=17 女=6 总=23
2026-04-11 09:40:02,210 [DEBUG] SzyouthMonitor -   2026-05-07: 男=18 女=7 总=25
2026-04-11 09:40:09,756 [DEBUG] SzyouthMonitor -   2026-05-08: 男=22 女=15 总=37
2026-04-11 09:40:17,302 [DEBUG] SzyouthMonitor -   2026-05-09: 男=26 女=21 总=47
2026-04-11 09:40:25,204 [DEBUG] SzyouthMonitor -   2026-05-10: 男=29 女=29 总=58
2026-04-11 09:40:32,963 [DEBUG] SzyouthMonitor -   2026-05-11: 男=32 女=32 总=64
2026-04-11 09:40:33,470 [INFO] SzyouthMonitor - 🎉 发现 1 个连续 ≥5 天可预订区间:
2026-04-11 09:40:33,470 [INFO] SzyouthMonitor -   📅 2026-04-12 ~ 2026-05-11 (30天) | 男最少2张 女最少1张
2026-04-11 09:40:40,776 [ERROR] SzyouthMonitor - 企业微信发送失败: {'errcode': 93000, 'errmsg': 'invalid webhook url, hint: [1775871642601430133672526], from ip: 1.49.176.90, more info at https://open.work.weixin.qq.com/devtool/query?e=93000'}
2026-04-11 09:40:40,777 [INFO] SzyouthMonitor - 摘要: 未来30天中有 30 天有可用床位
2026-04-11 09:40:40,778 [INFO] SzyouthMonitor - 监控已安全退出
2026-04-11 10:22:10,349 [WARNING] SzyouthMonitor - 未配置企业微信Webhook Key，将仅在控制台输出结果
2026-04-11 10:22:10,350 [WARNING] SzyouthMonitor - 可通过 -w 参数或 SZYOUTH_WEBHOOK_KEY 环境变量设置
2026-04-11 10:22:26,271 [INFO] SzyouthMonitor - ============================================================
2026-04-11 10:22:26,271 [INFO] SzyouthMonitor - 深圳青年驿站自动化监控 v2.0 启动
2026-04-11 10:22:26,272 [INFO] SzyouthMonitor - 监控站点: 1 个
2026-04-11 10:22:26,272 [INFO] SzyouthMonitor -   - 粤港澳大湾区（宝安）青年驿站 (ID:75)
2026-04-11 10:22:26,273 [INFO] SzyouthMonitor - 参数: 间隔=10分钟 连续天数阈值=≥3天
2026-04-11 10:22:26,273 [INFO] SzyouthMonitor - Webhook: 未配置(仅控制台输出)
2026-04-11 10:22:26,273 [INFO] SzyouthMonitor - ============================================================
2026-04-11 10:22:26,274 [INFO] SzyouthMonitor - =======================================================
2026-04-11 10:22:26,274 [INFO] SzyouthMonitor - 开始第 1 轮检查 - 2026-04-11 10:22:26
2026-04-11 10:22:26,275 [INFO] SzyouthMonitor - 监控 1 个站点 | 连续天数阈值: ≥3 天
2026-04-11 10:22:26,275 [INFO] SzyouthMonitor - [1/1] 查询: 粤港澳大湾区（宝安）青年驿站 (ID:75)
2026-04-11 10:22:27,982 [INFO] SzyouthMonitor -   📊 30天中有 8/30 天可预订
2026-04-11 10:22:27,988 [INFO] SzyouthMonitor -   🎉 2026-05-08 ~ 2026-05-12 (5天连续可预订)
2026-04-11 10:22:27,989 [INFO] SzyouthMonitor -   (未配置Webhook，仅控制台输出)
2026-04-11 10:22:27,990 [INFO] SzyouthMonitor - =======================================================
2026-04-11 10:22:27,990 [INFO] SzyouthMonitor - 本轮摘要: 检查 1 个站点，发现 1 个连续区间，0 个站点查询失败
2026-04-11 10:22:40,823 [WARNING] SzyouthMonitor - 未配置企业微信Webhook Key，将仅在控制台输出结果
2026-04-11 10:22:40,824 [WARNING] SzyouthMonitor - 可通过 -w 参数或 SZYOUTH_WEBHOOK_KEY 环境变量设置
2026-04-11 10:22:54,261 [INFO] SzyouthMonitor - ============================================================
2026-04-11 10:22:54,263 [INFO] SzyouthMonitor - 深圳青年驿站自动化监控 v2.0 启动
2026-04-11 10:22:54,263 [INFO] SzyouthMonitor - 监控站点: 1 个
2026-04-11 10:22:54,264 [INFO] SzyouthMonitor -   - 粤港澳大湾区（宝安）青年驿站 (ID:75)
2026-04-11 10:22:54,264 [INFO] SzyouthMonitor - 参数: 间隔=10分钟 连续天数阈值=≥3天
2026-04-11 10:22:54,265 [INFO] SzyouthMonitor - Webhook: 未配置(仅控制台输出)
2026-04-11 10:22:54,265 [INFO] SzyouthMonitor - ============================================================
2026-04-11 10:22:54,266 [INFO] SzyouthMonitor - =======================================================
2026-04-11 10:22:54,266 [INFO] SzyouthMonitor - 开始第 1 轮检查 - 2026-04-11 10:22:54
2026-04-11 10:22:54,266 [INFO] SzyouthMonitor - 监控 1 个站点 | 连续天数阈值: ≥3 天
2026-04-11 10:22:54,267 [INFO] SzyouthMonitor - [1/1] 查询: 粤港澳大湾区（宝安）青年驿站 (ID:75)
2026-04-11 10:22:55,913 [INFO] SzyouthMonitor -   📊 30天中有 8/30 天可预订
2026-04-11 10:22:55,919 [INFO] SzyouthMonitor -   🎉 2026-05-08 ~ 2026-05-12 (5天连续可预订)
2026-04-11 10:22:55,919 [INFO] SzyouthMonitor -   (未配置Webhook，仅控制台输出)
2026-04-11 10:22:55,920 [INFO] SzyouthMonitor - =======================================================
2026-04-11 10:22:55,920 [INFO] SzyouthMonitor - 本轮摘要: 检查 1 个站点，发现 1 个连续区间，0 个站点查询失败
2026-04-11 10:25:55,727 [WARNING] SzyouthMonitor - 未配置企业微信Webhook Key，将仅在控制台输出结果
2026-04-11 10:25:55,728 [WARNING] SzyouthMonitor - 可通过 -w 参数或 SZYOUTH_WEBHOOK_KEY 环境变量设置
2026-04-11 10:26:08,028 [INFO] SzyouthMonitor - ============================================================
2026-04-11 10:26:08,029 [INFO] SzyouthMonitor - 深圳青年驿站自动化监控 v2.0 启动
2026-04-11 10:26:08,029 [INFO] SzyouthMonitor - 监控站点: 1 个
2026-04-11 10:26:08,029 [INFO] SzyouthMonitor -   - 粤港澳大湾区（宝安）青年驿站 (ID:75)
2026-04-11 10:26:08,030 [INFO] SzyouthMonitor - 参数: 间隔=10分钟 连续天数阈值=≥3天
2026-04-11 10:26:08,030 [INFO] SzyouthMonitor - Webhook: 未配置(仅控制台输出)
2026-04-11 10:26:08,031 [INFO] SzyouthMonitor - ============================================================
2026-04-11 10:26:08,031 [INFO] SzyouthMonitor - =======================================================
2026-04-11 10:26:08,031 [INFO] SzyouthMonitor - 开始第 1 轮检查 - 2026-04-11 10:26:08
2026-04-11 10:26:08,032 [INFO] SzyouthMonitor - 监控 1 个站点 | 连续天数阈值: ≥3 天
2026-04-11 10:26:08,032 [INFO] SzyouthMonitor - [1/1] 查询: 粤港澳大湾区（宝安）青年驿站 (ID:75)
2026-04-11 10:26:09,273 [INFO] SzyouthMonitor -   📊 30天中有 8/30 天可预订
2026-04-11 10:26:09,279 [INFO] SzyouthMonitor -   🎉 2026-05-08 ~ 2026-05-12 (5天连续可预订)
2026-04-11 10:26:09,279 [INFO] SzyouthMonitor -   (未配置Webhook，仅控制台输出)
2026-04-11 10:26:09,280 [INFO] SzyouthMonitor - =======================================================
2026-04-11 10:26:09,280 [INFO] SzyouthMonitor - 本轮摘要: 检查 1 个站点，发现 1 个连续区间，0 个站点查询失败
2026-04-11 10:26:28,301 [WARNING] SzyouthMonitor - 未配置企业微信Webhook Key，将仅在控制台输出结果
2026-04-11 10:26:28,305 [WARNING] SzyouthMonitor - 可通过 -w 参数或 SZYOUTH_WEBHOOK_KEY 环境变量设置
2026-04-11 10:26:39,837 [INFO] SzyouthMonitor - ============================================================
2026-04-11 10:26:39,838 [INFO] SzyouthMonitor - 深圳青年驿站自动化监控 v2.0 启动
2026-04-11 10:26:39,838 [INFO] SzyouthMonitor - 监控站点: 3 个
2026-04-11 10:26:39,839 [INFO] SzyouthMonitor -   - 粤港澳大湾区（宝安）青年驿站 (ID:75)
2026-04-11 10:26:39,842 [INFO] SzyouthMonitor -   - 青年驿站（龙岗龙城CC公寓站） (ID:85)
2026-04-11 10:26:39,843 [INFO] SzyouthMonitor -   - 青年驿站（龙岗平湖禾花站） (ID:86)
2026-04-11 10:26:39,843 [INFO] SzyouthMonitor - 参数: 间隔=10分钟 连续天数阈值=≥5天
2026-04-11 10:26:39,844 [INFO] SzyouthMonitor - Webhook: 未配置(仅控制台输出)
2026-04-11 10:26:39,844 [INFO] SzyouthMonitor - ============================================================
2026-04-11 10:26:39,844 [INFO] SzyouthMonitor - =======================================================
2026-04-11 10:26:39,845 [INFO] SzyouthMonitor - 开始第 1 轮检查 - 2026-04-11 10:26:39
2026-04-11 10:26:39,845 [INFO] SzyouthMonitor - 监控 3 个站点 | 连续天数阈值: ≥5 天
2026-04-11 10:26:39,846 [INFO] SzyouthMonitor - [1/3] 查询: 粤港澳大湾区（宝安）青年驿站 (ID:75)
2026-04-11 10:26:41,240 [INFO] SzyouthMonitor -   📊 30天中有 8/30 天可预订
2026-04-11 10:26:41,252 [INFO] SzyouthMonitor -   🎉 2026-05-08 ~ 2026-05-12 (5天连续可预订)
2026-04-11 10:26:41,253 [INFO] SzyouthMonitor -   (未配置Webhook，仅控制台输出)
2026-04-11 10:26:43,282 [INFO] SzyouthMonitor - [2/3] 查询: 青年驿站（龙岗龙城CC公寓站） (ID:85)
2026-04-11 10:26:46,178 [INFO] SzyouthMonitor -   📊 30天中有 16/30 天可预订
2026-04-11 10:26:46,259 [INFO] SzyouthMonitor -   🎉 2026-05-05 ~ 2026-05-12 (8天连续可预订)
2026-04-11 10:26:46,264 [INFO] SzyouthMonitor -   (未配置Webhook，仅控制台输出)
2026-04-11 10:26:47,842 [INFO] SzyouthMonitor - [3/3] 查询: 青年驿站（龙岗平湖禾花站） (ID:86)
2026-04-11 10:26:48,444 [INFO] SzyouthMonitor -   📊 30天中有 16/30 天可预订
2026-04-11 10:26:48,457 [INFO] SzyouthMonitor -   🎉 2026-04-24 ~ 2026-04-30 (7天连续可预订)
2026-04-11 10:26:48,586 [INFO] SzyouthMonitor -   🎉 2026-05-06 ~ 2026-05-12 (7天连续可预订)
2026-04-11 10:26:48,595 [INFO] SzyouthMonitor -   (未配置Webhook，仅控制台输出)
2026-04-11 10:26:48,595 [INFO] SzyouthMonitor - =======================================================
2026-04-11 10:26:48,603 [INFO] SzyouthMonitor - 本轮摘要: 检查 3 个站点，发现 4 个连续区间，0 个站点查询失败
2026-04-11 10:31:30,905 [WARNING] SzyouthMonitor - 未配置企业微信Webhook Key，将仅在控制台输出结果
2026-04-11 10:31:30,918 [WARNING] SzyouthMonitor - 可通过 -w 参数或 SZYOUTH_WEBHOOK_KEY 环境变量设置
2026-04-11 10:31:44,391 [INFO] SzyouthMonitor - ============================================================
2026-04-11 10:31:44,391 [INFO] SzyouthMonitor - 深圳青年驿站自动化监控 v2.0 启动
2026-04-11 10:31:44,391 [INFO] SzyouthMonitor - 监控站点: 1 个
2026-04-11 10:31:44,392 [INFO] SzyouthMonitor -   - 青年驿站（龙岗龙城CC公寓站） (ID:85)
2026-04-11 10:31:44,392 [INFO] SzyouthMonitor - 参数: 间隔=10分钟 连续天数阈值=≥3天
2026-04-11 10:31:44,392 [INFO] SzyouthMonitor - Webhook: 未配置(仅控制台输出)
2026-04-11 10:31:44,393 [INFO] SzyouthMonitor - ============================================================
2026-04-11 10:31:44,393 [INFO] SzyouthMonitor - =======================================================
2026-04-11 10:31:44,393 [INFO] SzyouthMonitor - 开始第 1 轮检查 - 2026-04-11 10:31:44
2026-04-11 10:31:44,394 [INFO] SzyouthMonitor - 监控 1 个站点 | 连续天数阈值: ≥3 天
2026-04-11 10:31:44,394 [INFO] SzyouthMonitor - [1/1] 查询: 青年驿站（龙岗龙城CC公寓站） (ID:85)
2026-04-11 10:31:46,919 [INFO] SzyouthMonitor -   📊 30天中有 16/30 天可预订
2026-04-11 10:31:46,928 [INFO] SzyouthMonitor -   🎉 2026-04-13 ~ 2026-04-16 (4天连续可预订)
2026-04-11 10:31:46,929 [INFO] SzyouthMonitor -   🎉 2026-05-05 ~ 2026-05-12 (8天连续可预订)
2026-04-11 10:31:46,930 [INFO] SzyouthMonitor -   (未配置Webhook，仅控制台输出)
2026-04-11 10:31:46,930 [INFO] SzyouthMonitor - =======================================================
2026-04-11 10:31:46,930 [INFO] SzyouthMonitor - 本轮摘要: 检查 1 个站点，发现 2 个连续区间，0 个站点查询失败
2026-04-11 10:34:57,803 [INFO] SzyouthMonitor - 已获取 41 个活跃站点 (共 48 个)
2026-04-11 10:34:57,804 [INFO] SzyouthMonitor - ============================================================
2026-04-11 10:34:57,805 [INFO] SzyouthMonitor - 深圳青年驿站自动化监控 v2.0 启动
2026-04-11 10:34:57,805 [INFO] SzyouthMonitor - 监控站点: 41 个
2026-04-11 10:34:57,805 [INFO] SzyouthMonitor -   - 粤港澳大湾区（宝安）青年驿站 (ID:75)
2026-04-11 10:34:57,806 [INFO] SzyouthMonitor -   - 青年驿站（南山南头古城站） (ID:76)
2026-04-11 10:34:57,806 [INFO] SzyouthMonitor -   - 青年驿站（龙岗坂田星河WORLD站） (ID:79)
2026-04-11 10:34:57,806 [INFO] SzyouthMonitor -   - 青年驿站（南山桃里平山站） (ID:81)
2026-04-11 10:34:57,807 [INFO] SzyouthMonitor -   - 青年驿站（龙岗坂田雪象站） (ID:84)
2026-04-11 10:34:57,807 [INFO] SzyouthMonitor -   - 青年驿站（龙岗龙城CC公寓站） (ID:85)
2026-04-11 10:34:57,808 [INFO] SzyouthMonitor -   - 青年驿站（龙岗平湖禾花站） (ID:86)
2026-04-11 10:34:57,808 [INFO] SzyouthMonitor -   - 青年驿站（龙岗布吉百鸽笼站） (ID:87)
2026-04-11 10:34:57,809 [INFO] SzyouthMonitor -   - 青年驿站（龙岗吉华甘坑站） (ID:88)
2026-04-11 10:34:57,810 [INFO] SzyouthMonitor -   - 青年驿站（龙岗南湾华熠站） (ID:89)
2026-04-11 10:34:57,813 [INFO] SzyouthMonitor -   - 青年驿站（龙岗横岗AI小镇站） (ID:90)
2026-04-11 10:34:57,815 [INFO] SzyouthMonitor -   - 青年驿站（龙岗园山站） (ID:91)
2026-04-11 10:34:57,815 [INFO] SzyouthMonitor -   - 青年驿站（龙岗双龙站） (ID:92)
2026-04-11 10:34:57,817 [INFO] SzyouthMonitor -   - 青年驿站（龙岗宝龙星火站） (ID:93)
2026-04-11 10:34:57,817 [INFO] SzyouthMonitor -   - 青年驿站（龙岗宝龙伊诺站） (ID:94)
2026-04-11 10:34:57,817 [INFO] SzyouthMonitor -   - 青年驿站（龙岗坪地白石塘站） (ID:96)
2026-04-11 10:34:57,818 [INFO] SzyouthMonitor -   - 青年驿站（龙华青创园站） (ID:97)
2026-04-11 10:34:57,818 [INFO] SzyouthMonitor -   - 青年驿站（龙华街道窝趣公寓站） (ID:98)
2026-04-11 10:34:57,819 [INFO] SzyouthMonitor -   - 青年驿站（大浪街道奔霓诗站） (ID:99)
2026-04-11 10:34:57,822 [INFO] SzyouthMonitor -   - 青年驿站（龙华街道万庭公寓站） (ID:100)
2026-04-11 10:34:57,822 [INFO] SzyouthMonitor -   - 青年驿站（大浪宏滔公寓站） (ID:101)
2026-04-11 10:34:57,823 [INFO] SzyouthMonitor -   - 青年驿站（龙华街道星悦公寓） (ID:102)
2026-04-11 10:34:57,823 [INFO] SzyouthMonitor -   - 青年驿站（龙华街道新宝瑞高级公寓站） (ID:106)
2026-04-11 10:34:57,824 [INFO] SzyouthMonitor -   - 青年驿站（观澜街道青年公寓站） (ID:107)
2026-04-11 10:34:57,824 [INFO] SzyouthMonitor -   - 青年驿站（观湖街道站） (ID:109)
2026-04-11 10:34:57,824 [INFO] SzyouthMonitor -   - 青年驿站（横岗街道龙岗祥寓站） (ID:116)
2026-04-11 10:34:57,825 [INFO] SzyouthMonitor -   - 青年驿站（龙岗坂田岗头站） (ID:117)
2026-04-11 10:34:57,825 [INFO] SzyouthMonitor -   - 锦江之星酒店（深圳皇岗口岸皇城广场店） (ID:118)
2026-04-11 10:34:57,827 [INFO] SzyouthMonitor -   - 维纳斯皇家会议酒店（深圳宝安机场国际会展中心店） (ID:119)
2026-04-11 10:34:57,832 [INFO] SzyouthMonitor -   - 维也纳酒店（华南城万达广场店） (ID:120)
2026-04-11 10:34:57,833 [INFO] SzyouthMonitor -   - 维也纳国际酒店（国际会展中心冰雪世界店） (ID:122)
2026-04-11 10:34:57,833 [INFO] SzyouthMonitor -   - 维也纳酒店（深圳横岗四联地铁站店） (ID:123)
2026-04-11 10:34:57,834 [INFO] SzyouthMonitor -   - 维也纳酒店（深圳南山蛇口海湾店） (ID:124)
2026-04-11 10:34:57,835 [INFO] SzyouthMonitor -   - 维也纳酒店（深圳湾爱榕店） (ID:125)
2026-04-11 10:34:57,835 [INFO] SzyouthMonitor -   - 青年驿站（福田人才站） (ID:53)
2026-04-11 10:34:57,836 [INFO] SzyouthMonitor -   - 青年驿站（福田石厦站） (ID:52)
2026-04-11 10:34:57,836 [INFO] SzyouthMonitor -   - 大鹏新区青年驿站（山海圆梦站） (ID:73)
2026-04-11 10:34:57,836 [INFO] SzyouthMonitor -   - 青年驿站（盐田站） (ID:74)
2026-04-11 10:34:57,837 [INFO] SzyouthMonitor -   - 青年驿站（光明人才站） (ID:63)
2026-04-11 10:34:57,837 [INFO] SzyouthMonitor -   - 青年驿站（龙华大浪站） (ID:57)
2026-04-11 10:34:57,838 [INFO] SzyouthMonitor -   - 青年驿站（坪山站） (ID:62)
2026-04-11 10:34:57,838 [INFO] SzyouthMonitor - 参数: 间隔=30分钟 连续天数阈值=≥7天
2026-04-11 10:34:57,839 [INFO] SzyouthMonitor - Webhook: 已配置
2026-04-11 10:34:57,839 [INFO] SzyouthMonitor - ============================================================
2026-04-11 10:35:04,806 [INFO] SzyouthMonitor - ✅ Webhook 连接测试通过
2026-04-11 10:35:04,807 [INFO] SzyouthMonitor - =======================================================
2026-04-11 10:35:04,807 [INFO] SzyouthMonitor - 开始第 1 轮检查 - 2026-04-11 10:35:04
2026-04-11 10:35:04,807 [INFO] SzyouthMonitor - 监控 41 个站点 | 连续天数阈值: ≥7 天
2026-04-11 10:35:04,808 [INFO] SzyouthMonitor - [1/41] 查询: 粤港澳大湾区（宝安）青年驿站 (ID:75)
2026-04-11 10:35:06,280 [INFO] SzyouthMonitor -   📊 30天中有 8/30 天可预订
2026-04-11 10:35:06,287 [INFO] SzyouthMonitor -   ❌ 无连续 ≥7 天区间
2026-04-11 10:35:08,518 [INFO] SzyouthMonitor - [2/41] 查询: 青年驿站（南山南头古城站） (ID:76)
2026-04-11 10:35:09,083 [INFO] SzyouthMonitor -   📊 30天中有 10/30 天可预订
2026-04-11 10:35:09,084 [INFO] SzyouthMonitor -   ❌ 无连续 ≥7 天区间
2026-04-11 10:35:10,834 [INFO] SzyouthMonitor - [3/41] 查询: 青年驿站（龙岗坂田星河WORLD站） (ID:79)
2026-04-11 10:35:11,220 [INFO] SzyouthMonitor -   📊 30天中有 7/30 天可预订
2026-04-11 10:35:11,221 [INFO] SzyouthMonitor -   ❌ 无连续 ≥7 天区间
2026-04-11 10:35:13,791 [INFO] SzyouthMonitor - [4/41] 查询: 青年驿站（南山桃里平山站） (ID:81)
2026-04-11 10:35:13,981 [INFO] SzyouthMonitor -   📊 30天中有 0/30 天可预订
2026-04-11 10:35:13,983 [INFO] SzyouthMonitor -   ❌ 无连续 ≥7 天区间
2026-04-11 10:35:16,668 [INFO] SzyouthMonitor - [5/41] 查询: 青年驿站（龙岗坂田雪象站） (ID:84)
2026-04-11 10:35:17,961 [INFO] SzyouthMonitor -   📊 30天中有 9/30 天可预订
2026-04-11 10:35:17,962 [INFO] SzyouthMonitor -   ❌ 无连续 ≥7 天区间
2026-04-11 10:35:20,066 [INFO] SzyouthMonitor - [6/41] 查询: 青年驿站（龙岗龙城CC公寓站） (ID:85)
2026-04-11 10:35:22,660 [INFO] SzyouthMonitor -   📊 30天中有 16/30 天可预订
2026-04-11 10:35:22,661 [INFO] SzyouthMonitor -   🎉 2026-05-05 ~ 2026-05-12 (8天连续可预订)
2026-04-11 10:35:30,611 [INFO] SzyouthMonitor - ✅ 企业微信通知已发送: 青年驿站（龙岗龙城CC公寓站）
2026-04-11 10:35:32,777 [INFO] SzyouthMonitor - [7/41] 查询: 青年驿站（龙岗平湖禾花站） (ID:86)
2026-04-11 10:35:33,763 [INFO] SzyouthMonitor -   📊 30天中有 16/30 天可预订
2026-04-11 10:35:33,764 [INFO] SzyouthMonitor -   🎉 2026-04-24 ~ 2026-04-30 (7天连续可预订)
2026-04-11 10:35:33,764 [INFO] SzyouthMonitor -   🎉 2026-05-06 ~ 2026-05-12 (7天连续可预订)
2026-04-11 10:35:41,241 [INFO] SzyouthMonitor - ✅ 企业微信通知已发送: 青年驿站（龙岗平湖禾花站）
2026-04-11 10:35:42,857 [INFO] SzyouthMonitor - [8/41] 查询: 青年驿站（龙岗布吉百鸽笼站） (ID:87)
2026-04-11 10:35:44,128 [INFO] SzyouthMonitor -   📊 30天中有 7/30 天可预订
2026-04-11 10:35:44,130 [INFO] SzyouthMonitor -   ❌ 无连续 ≥7 天区间
2026-04-11 10:35:46,761 [INFO] SzyouthMonitor - [9/41] 查询: 青年驿站（龙岗吉华甘坑站） (ID:88)
2026-04-11 10:35:48,039 [INFO] SzyouthMonitor -   📊 30天中有 13/30 天可预订
2026-04-11 10:35:48,040 [INFO] SzyouthMonitor -   🎉 2026-05-03 ~ 2026-05-12 (10天连续可预订)
2026-04-11 10:35:54,890 [INFO] SzyouthMonitor - ✅ 企业微信通知已发送: 青年驿站（龙岗吉华甘坑站）
2026-04-11 10:35:57,280 [INFO] SzyouthMonitor - [10/41] 查询: 青年驿站（龙岗南湾华熠站） (ID:89)
2026-04-11 10:35:57,467 [INFO] SzyouthMonitor -   📊 30天中有 0/30 天可预订
2026-04-11 10:35:57,468 [INFO] SzyouthMonitor -   ❌ 无连续 ≥7 天区间
2026-04-11 10:35:59,926 [INFO] SzyouthMonitor - [11/41] 查询: 青年驿站（龙岗横岗AI小镇站） (ID:90)
2026-04-11 10:36:01,581 [INFO] SzyouthMonitor -   📊 30天中有 22/30 天可预订
2026-04-11 10:36:01,582 [INFO] SzyouthMonitor -   🎉 2026-04-19 ~ 2026-04-30 (12天连续可预订)
2026-04-11 10:36:01,582 [INFO] SzyouthMonitor -   🎉 2026-05-04 ~ 2026-05-12 (9天连续可预订)
2026-04-11 10:36:08,338 [INFO] SzyouthMonitor - ✅ 企业微信通知已发送: 青年驿站（龙岗横岗AI小镇站）
2026-04-11 10:36:10,407 [INFO] SzyouthMonitor - [12/41] 查询: 青年驿站（龙岗园山站） (ID:91)
2026-04-11 10:36:11,136 [INFO] SzyouthMonitor -   📊 30天中有 15/30 天可预订
2026-04-11 10:36:11,137 [INFO] SzyouthMonitor -   🎉 2026-05-05 ~ 2026-05-12 (8天连续可预订)
2026-04-11 10:36:20,020 [INFO] SzyouthMonitor - ✅ 企业微信通知已发送: 青年驿站（龙岗园山站）
2026-04-11 10:36:22,320 [INFO] SzyouthMonitor - [13/41] 查询: 青年驿站（龙岗双龙站） (ID:92)
2026-04-11 10:36:22,827 [INFO] SzyouthMonitor -   📊 30天中有 10/30 天可预订
2026-04-11 10:36:22,829 [INFO] SzyouthMonitor -   🎉 2026-05-04 ~ 2026-05-12 (9天连续可预订)
2026-04-11 10:36:31,480 [INFO] SzyouthMonitor - ✅ 企业微信通知已发送: 青年驿站（龙岗双龙站）
2026-04-11 10:36:34,291 [INFO] SzyouthMonitor - [14/41] 查询: 青年驿站（龙岗宝龙星火站） (ID:93)
2026-04-11 10:36:35,247 [INFO] SzyouthMonitor -   📊 30天中有 10/30 天可预订
2026-04-11 10:36:35,248 [INFO] SzyouthMonitor -   🎉 2026-05-04 ~ 2026-05-12 (9天连续可预订)
2026-04-11 10:36:42,098 [INFO] SzyouthMonitor - ✅ 企业微信通知已发送: 青年驿站（龙岗宝龙星火站）
2026-04-11 10:36:43,652 [INFO] SzyouthMonitor - [15/41] 查询: 青年驿站（龙岗宝龙伊诺站） (ID:94)
2026-04-11 10:36:44,352 [INFO] SzyouthMonitor -   📊 30天中有 14/30 天可预订
2026-04-11 10:36:44,353 [INFO] SzyouthMonitor -   🎉 2026-05-02 ~ 2026-05-12 (11天连续可预订)
2026-04-11 10:36:51,286 [INFO] SzyouthMonitor - ✅ 企业微信通知已发送: 青年驿站（龙岗宝龙伊诺站）
2026-04-11 10:36:53,322 [INFO] SzyouthMonitor - [16/41] 查询: 青年驿站（龙岗坪地白石塘站） (ID:96)
2026-04-11 10:36:53,654 [INFO] SzyouthMonitor -   📊 30天中有 0/30 天可预订
2026-04-11 10:36:53,655 [INFO] SzyouthMonitor -   ❌ 无连续 ≥7 天区间
2026-04-11 10:36:56,551 [INFO] SzyouthMonitor - [17/41] 查询: 青年驿站（龙华青创园站） (ID:97)
2026-04-11 10:36:56,984 [INFO] SzyouthMonitor -   📊 30天中有 5/30 天可预订
2026-04-11 10:36:56,985 [INFO] SzyouthMonitor -   ❌ 无连续 ≥7 天区间
2026-04-11 10:36:59,111 [INFO] SzyouthMonitor - [18/41] 查询: 青年驿站（龙华街道窝趣公寓站） (ID:98)
2026-04-11 10:36:59,557 [INFO] SzyouthMonitor -   📊 30天中有 0/30 天可预订
2026-04-11 10:36:59,558 [INFO] SzyouthMonitor -   ❌ 无连续 ≥7 天区间
2026-04-11 10:37:01,251 [INFO] SzyouthMonitor - [19/41] 查询: 青年驿站（大浪街道奔霓诗站） (ID:99)
2026-04-11 10:37:01,415 [INFO] SzyouthMonitor -   📊 30天中有 0/30 天可预订
2026-04-11 10:37:01,416 [INFO] SzyouthMonitor -   ❌ 无连续 ≥7 天区间
2026-04-11 10:37:04,078 [INFO] SzyouthMonitor - [20/41] 查询: 青年驿站（龙华街道万庭公寓站） (ID:100)
2026-04-11 10:37:04,272 [INFO] SzyouthMonitor -   📊 30天中有 0/30 天可预订
2026-04-11 10:37:04,273 [INFO] SzyouthMonitor -   ❌ 无连续 ≥7 天区间
2026-04-11 10:37:06,643 [INFO] SzyouthMonitor - [21/41] 查询: 青年驿站（大浪宏滔公寓站） (ID:101)
2026-04-11 10:37:06,905 [INFO] SzyouthMonitor -   📊 30天中有 0/30 天可预订
2026-04-11 10:37:06,906 [INFO] SzyouthMonitor -   ❌ 无连续 ≥7 天区间
2026-04-11 10:37:09,524 [INFO] SzyouthMonitor - [22/41] 查询: 青年驿站（龙华街道星悦公寓） (ID:102)
2026-04-11 10:37:09,738 [INFO] SzyouthMonitor -   📊 30天中有 0/30 天可预订
2026-04-11 10:37:09,739 [INFO] SzyouthMonitor -   ❌ 无连续 ≥7 天区间
2026-04-11 10:37:11,780 [INFO] SzyouthMonitor - [23/41] 查询: 青年驿站（龙华街道新宝瑞高级公寓站） (ID:106)
2026-04-11 10:37:12,012 [INFO] SzyouthMonitor -   📊 30天中有 0/30 天可预订
2026-04-11 10:37:12,013 [INFO] SzyouthMonitor -   ❌ 无连续 ≥7 天区间
2026-04-11 10:37:13,757 [INFO] SzyouthMonitor - [24/41] 查询: 青年驿站（观澜街道青年公寓站） (ID:107)
2026-04-11 10:37:13,925 [INFO] SzyouthMonitor -   📊 30天中有 0/30 天可预订
2026-04-11 10:37:13,926 [INFO] SzyouthMonitor -   ❌ 无连续 ≥7 天区间
2026-04-11 10:37:16,199 [INFO] SzyouthMonitor - [25/41] 查询: 青年驿站（观湖街道站） (ID:109)
2026-04-11 10:37:16,415 [INFO] SzyouthMonitor -   📊 30天中有 0/30 天可预订
2026-04-11 10:37:16,416 [INFO] SzyouthMonitor -   ❌ 无连续 ≥7 天区间
2026-04-11 10:37:19,217 [INFO] SzyouthMonitor - [26/41] 查询: 青年驿站（横岗街道龙岗祥寓站） (ID:116)
2026-04-11 10:37:19,414 [INFO] SzyouthMonitor -   📊 30天中有 0/30 天可预订
2026-04-11 10:37:19,415 [INFO] SzyouthMonitor -   ❌ 无连续 ≥7 天区间
2026-04-11 10:37:22,401 [INFO] SzyouthMonitor - [27/41] 查询: 青年驿站（龙岗坂田岗头站） (ID:117)
2026-04-11 10:37:23,126 [INFO] SzyouthMonitor -   📊 30天中有 16/30 天可预订
2026-04-11 10:37:23,127 [INFO] SzyouthMonitor -   🎉 2026-05-04 ~ 2026-05-12 (9天连续可预订)
2026-04-11 10:37:23,127 [WARNING] SzyouthMonitor - 每小时通知上限(10)已达到，跳过
2026-04-11 10:37:25,046 [INFO] SzyouthMonitor - [28/41] 查询: 锦江之星酒店（深圳皇岗口岸皇城广场店） (ID:118)
2026-04-11 10:37:25,380 [INFO] SzyouthMonitor -   📊 30天中有 8/30 天可预订
2026-04-11 10:37:25,383 [INFO] SzyouthMonitor -   ❌ 无连续 ≥7 天区间
2026-04-11 10:37:27,040 [INFO] SzyouthMonitor - [29/41] 查询: 维纳斯皇家会议酒店（深圳宝安机场国际会展中心店） (ID:119)
2026-04-11 10:37:27,208 [INFO] SzyouthMonitor -   📊 30天中有 0/30 天可预订
2026-04-11 10:37:27,211 [INFO] SzyouthMonitor -   ❌ 无连续 ≥7 天区间
2026-04-11 10:37:30,207 [INFO] SzyouthMonitor - [30/41] 查询: 维也纳酒店（华南城万达广场店） (ID:120)
2026-04-11 10:37:30,575 [INFO] SzyouthMonitor -   📊 30天中有 6/30 天可预订
2026-04-11 10:37:30,577 [INFO] SzyouthMonitor -   ❌ 无连续 ≥7 天区间
2026-04-11 10:37:33,427 [INFO] SzyouthMonitor - [31/41] 查询: 维也纳国际酒店（国际会展中心冰雪世界店） (ID:122)
2026-04-11 10:37:33,621 [INFO] SzyouthMonitor -   📊 30天中有 0/30 天可预订
2026-04-11 10:37:33,622 [INFO] SzyouthMonitor -   ❌ 无连续 ≥7 天区间
2026-04-11 10:37:35,520 [INFO] SzyouthMonitor - [32/41] 查询: 维也纳酒店（深圳横岗四联地铁站店） (ID:123)
2026-04-11 10:37:35,711 [INFO] SzyouthMonitor -   📊 30天中有 0/30 天可预订
2026-04-11 10:37:35,712 [INFO] SzyouthMonitor -   ❌ 无连续 ≥7 天区间
2026-04-11 10:37:37,588 [INFO] SzyouthMonitor - [33/41] 查询: 维也纳酒店（深圳南山蛇口海湾店） (ID:124)
2026-04-11 10:37:37,957 [INFO] SzyouthMonitor -   📊 30天中有 27/30 天可预订
2026-04-11 10:37:37,958 [INFO] SzyouthMonitor -   🎉 2026-04-16 ~ 2026-05-12 (27天连续可预订)
2026-04-11 10:37:37,958 [WARNING] SzyouthMonitor - 每小时通知上限(10)已达到，跳过
2026-04-11 10:37:39,684 [INFO] SzyouthMonitor - [34/41] 查询: 维也纳酒店（深圳湾爱榕店） (ID:125)
2026-04-11 10:37:40,358 [INFO] SzyouthMonitor -   📊 30天中有 28/30 天可预订
2026-04-11 10:37:40,360 [INFO] SzyouthMonitor -   🎉 2026-04-15 ~ 2026-05-12 (28天连续可预订)
2026-04-11 10:37:40,365 [WARNING] SzyouthMonitor - 每小时通知上限(10)已达到，跳过
2026-04-11 10:37:43,235 [INFO] SzyouthMonitor - [35/41] 查询: 青年驿站（福田人才站） (ID:53)
2026-04-11 10:37:43,399 [INFO] SzyouthMonitor -   📊 30天中有 0/30 天可预订
2026-04-11 10:37:43,400 [INFO] SzyouthMonitor -   ❌ 无连续 ≥7 天区间
2026-04-11 10:37:45,030 [INFO] SzyouthMonitor - [36/41] 查询: 青年驿站（福田石厦站） (ID:52)
2026-04-11 10:37:45,681 [INFO] SzyouthMonitor -   📊 30天中有 0/30 天可预订
2026-04-11 10:37:45,682 [INFO] SzyouthMonitor -   ❌ 无连续 ≥7 天区间
2026-04-11 10:37:47,765 [INFO] SzyouthMonitor - [37/41] 查询: 大鹏新区青年驿站（山海圆梦站） (ID:73)
2026-04-11 10:37:48,481 [INFO] SzyouthMonitor -   📊 30天中有 13/30 天可预订
2026-04-11 10:37:48,483 [INFO] SzyouthMonitor -   🎉 2026-05-04 ~ 2026-05-12 (9天连续可预订)
2026-04-11 10:37:48,484 [WARNING] SzyouthMonitor - 每小时通知上限(10)已达到，跳过
2026-04-11 10:37:50,020 [INFO] SzyouthMonitor - [38/41] 查询: 青年驿站（盐田站） (ID:74)
2026-04-11 10:37:50,204 [INFO] SzyouthMonitor -   📊 30天中有 0/30 天可预订
2026-04-11 10:37:50,205 [INFO] SzyouthMonitor -   ❌ 无连续 ≥7 天区间
2026-04-11 10:37:52,099 [INFO] SzyouthMonitor - [39/41] 查询: 青年驿站（光明人才站） (ID:63)
2026-04-11 10:37:52,516 [INFO] SzyouthMonitor -   📊 30天中有 6/30 天可预订
2026-04-11 10:37:52,517 [INFO] SzyouthMonitor -   ❌ 无连续 ≥7 天区间
2026-04-11 10:37:55,032 [INFO] SzyouthMonitor - [40/41] 查询: 青年驿站（龙华大浪站） (ID:57)
2026-04-11 10:37:55,603 [INFO] SzyouthMonitor -   📊 30天中有 0/30 天可预订
2026-04-11 10:37:55,604 [INFO] SzyouthMonitor -   ❌ 无连续 ≥7 天区间
2026-04-11 10:37:57,270 [INFO] SzyouthMonitor - [41/41] 查询: 青年驿站（坪山站） (ID:62)
2026-04-11 10:37:57,872 [INFO] SzyouthMonitor -   📊 30天中有 10/30 天可预订
2026-04-11 10:37:57,874 [INFO] SzyouthMonitor -   🎉 2026-05-04 ~ 2026-05-12 (9天连续可预订)
2026-04-11 10:37:57,877 [WARNING] SzyouthMonitor - 每小时通知上限(10)已达到，跳过
2026-04-11 10:37:57,877 [INFO] SzyouthMonitor - =======================================================
2026-04-11 10:37:57,878 [INFO] SzyouthMonitor - 本轮摘要: 检查 41 个站点，发现 15 个连续区间，0 个站点查询失败
2026-04-11 10:37:57,878 [INFO] SzyouthMonitor - 下次检查: 11:07:57 (间隔 30 分钟)
